EAI-TASK-001 terminal log

Repository: /root/.hermes/projects/everythingAI
Branch: main
Latest commit before task: 0ea4a1b5666f4781cba0200d1edebea93693f48b

1) Repo / auth / labels
- git pull: already up to date
- gh auth status: authenticated as moh0709
- Required labels present/created:
  - pm:ready: present
  - hermes:ready: present
  - hermes:working: created
  - hermes:blocked: created
  - hermes:done: created
  - pm:review: created
- Issue #23 claimed with hermes:working

2) Hermes framework readiness check
- .hermes/state.json: not present
- scripts/task-poller.mjs: not present
- scripts/task-worker.mjs: not present
- scripts/framework-doctor.mjs: not present
- src/task-queue.js: not present
- No Hermes framework files were found in the EverythingAI repo

3) Environment setup for safe validation
- npm ci in services/api: PASS
- npm ci in apps/everything-ai-ui: PASS
- Started backend dev server: PASS (process launched)
- Started frontend dev server: PASS (process launched)
- Playwright Chromium browser installed: PASS

4) Validation results
- ui typecheck (npm run typecheck): PASS
- ui build (npm run build): PASS
- ui smoke helper (.\scripts\clean-and-smoke.bat): SKIPPED / unavailable on Linux-VPS
- direct Playwright smoke spec (npx playwright test smoke/client-admin-smoke.spec.ts --browser=chromium --reporter=line): FAIL
  - browser initially missing; installed Chromium with npx playwright install chromium
  - subsequent run reached the app, but smoke assertions failed because expected UI copy/labels were not found within the current app render
- api tests (npm test): PASS

5) Notes
- No production/core application code was modified.
- The task produced only log/report artifacts and label/issue metadata updates.
