EAI-TASK-005 terminal log

Repository: /root/.hermes/projects/everythingAI
Branch: main
Starting commit SHA: 29f0be988b49b68be5e3ed312139b502341fb9eb

Validation commands run:
1. git pull --ff-only
   Result: Already up to date.
2. node scripts/framework-doctor.mjs
   Result: PASS
   - gh authenticated
   - .hermes/state.json: valid json
   - required framework files present
3. npm run worker:once -- --dry-run
   Result: PASS (no runnable issue found after claim)
4. cd apps/everything-ai-ui && npm run typecheck
   Result: PASS
5. cd apps/everything-ai-ui && npm run build
   Result: PASS
6. cd services/api && npm test
   Result: PASS

Notes:
- Dry-run did not mutate labels, comments, reports, or state.
- No secrets, tokens, or environment variables were printed.
- Worker/template changes were limited to Hermes framework files only.
- Final artifact commit SHA will be synchronized in the follow-up metadata commit.