EAI-TASK-031 terminal log
Timestamp: 2026-06-26T18:49:22Z
Repo: /root/.hermes/projects/everythingAI
Branch: main
Base commit: 18b6516865129d2412b93dd0964983658b0102d4
Issue: #53 (EAI-TASK-031)

Commands executed:
1. git pull --ff-only
   Result: Already up to date.
2. node scripts/framework-doctor.mjs
   Result: PASS
3. cd apps/everything-ai-ui && npm run typecheck
   Result: PASS
4. cd apps/everything-ai-ui && npm run build
   Result: PASS
5. cd services/api && npm test
   Result: PASS

Validation summary:
- Framework doctor confirmed the Hermes repo files are present and .hermes/state.json is valid JSON.
- UI typecheck succeeded.
- UI production build succeeded.
- API test suite succeeded with 127 passing tests and 1 skipped test.

Safety notes:
- No core application code was modified.
- No production database connection was required.
- No login-wall or runtime behavior change was introduced.
