EAI-TASK-002 Forge maintenance evidence refresh
Timestamp: 2026-08-01T18:14:50+02:00
Repository: C:\temp\EverythingAI
Branch: main
Starting SHA: 97b6d3694bf18a0a5b3312daff93c5fccf5b8569

Preserved unrelated local files:
- LOGS/EAI-TASK-046-terminal.log
- apps/everything-ai-ui/src/planning.css
- docs/AUTONOMOUS_FORGE_PM_RETEST_2026-07-29.json

Live issue context:
- Issue #24 was open with labels hermes:done and forge:working.
- Prior PM review accepted the foundation pass and requested a narrow SHA/state/report synchronization follow-up.
- No open issue with both pm:ready and hermes:ready was present during this run.

Commands:

1. git pull --ff-only
Result: PASS
Output: Already up to date.

2. node scripts/framework-doctor.mjs
Result: PASS
Evidence:
- status: PASS
- gh: authenticated
- state: valid json
- required files present: package.json, scripts/task-poller.mjs, scripts/task-worker.mjs, scripts/framework-doctor.mjs, src/task-queue.js, templates, skills, LOGS, REPORTS

3. cd apps/everything-ai-ui; npm run typecheck
Result: PASS
Output summary:
- tsc --noEmit exited 0

4. cd apps/everything-ai-ui; npm run build
Result: PASS
Output summary:
- vite v5.4.2 built production assets
- 1555 modules transformed
- built in 8.82s

5. cd services/api; npm test
Result: PASS
Output summary:
- tests: 173
- pass: 173
- fail: 0
- skipped: 0
- duration_ms: 9857.2818

6. npm test
Result: PASS
Output summary:
- tests: 182
- pass: 182
- fail: 0
- skipped: 0
- duration_ms: 4704.2072

7. git diff --check
Result: PASS
Output summary:
- exit 0
- line-ending warnings only for .hermes/state.json and unrelated LOGS/EAI-TASK-046-terminal.log

8. JSON parse check
Command: node -e "const fs=require('fs'); JSON.parse(fs.readFileSync('.hermes/state.json','utf8')); JSON.parse(fs.readFileSync('templates/STATE_TEMPLATE.json','utf8')); JSON.parse(fs.readFileSync('skills/hermes-pm-framework.prompt.json','utf8')); console.log('json ok')"
Result: PASS
Output: json ok

Safety notes:
- No production app logic changed.
- No agent chat execution enabled.
- No secrets, tokens, private keys, credentials, or environment values recorded.
- Issue #69 was not modified or released.
- Issue #24 was not closed or self-accepted.
