EAI-TASK-045A sanitized terminal evidence
Date: 2026-07-29 Europe/Copenhagen
Host: vmi2938167 / 37.60.248.195
Repository: /opt/everythingAI
Deployment commit: 994e49ae6f8096e635bfe550635be9cd1784a4b3

Preflight:
- hermes account present: uid=997 gid=986
- /opt/everythingAI checkout present and owned by hermes
- legacy EverythingAI cron job disabled
- GitHub CLI auth as hermes: PASS, account moh0709
- systemd 255 present; host-wide state degraded due to unrelated failed units

Provisioning:
- /etc/hermes/everythingai.env created with mode 0640 root:hermes
- GitHub CLI credential store moved outside checkout to /var/lib/hermes/gh mode 0700 hermes
- five version-controlled units installed under /etc/systemd/system
- systemd-analyze verify: PASS for all five units
- hermes-runtime.target and hermes-watchdog.timer enabled

Lifecycle:
- target, supervisor, poller, watchdog timer active
- supervisor and poller run as hermes with cwd /opt/everythingAI and exe /usr/bin/node
- deliberate poller SIGKILL recovered with one bounded restart; no storm observed
- live watchdog returned HEALTHY
- stale fixture returned HEARTBEAT_STALE exit 1 without restarting services
- duplicate supervisor returned SUPERVISOR_CONFLICT on active lock
- previous unit set from c325367ba223fcb5dae5f7afc12c42333d650c15 verified and current unit set restored
- exact five-unit uninstall verified
- two idempotent reinstall passes verified

Validation:
- npm run framework:doctor: PASS
- npm test while runtime quiesced: PASS 138/138
- git diff --check: PASS
- final services active; target and watchdog timer enabled

Safety:
- no secret values or raw environment contents recorded
- no credential-bearing files remain in the repository checkout
- issue #69 not released
