=== EAI-TASK-045 validation started ===
Sun Jul 19 12:20:29 UTC 2026

=== framework doctor ===

> everythingai-root@0.1.0 framework:doctor
> node scripts/framework-doctor.mjs

{
  "repoRoot": "/root/.hermes/projects/everythingAI/",
  "status": "PASS",
  "gh": {
    "ok": true,
    "detail": "gh authenticated"
  },
  "state": "valid json",
  "files": [
    {
      "path": "package.json",
      "present": true
    },
    {
      "path": "scripts/task-poller.mjs",
      "present": true
    },
    {
      "path": "scripts/task-worker.mjs",
      "present": true
    },
    {
      "path": "scripts/framework-doctor.mjs",
      "present": true
    },
    {
      "path": "src/task-queue.js",
      "present": true
    },
    {
      "path": "templates/ISSUE_TEMPLATE_TASK.md",
      "present": true
    },
    {
      "path": "templates/ISSUE_TEMPLATE_BUGFIX.md",
      "present": true
    },
    {
      "path": "templates/ISSUE_TEMPLATE_REVIEW.md",
      "present": true
    },
    {
      "path": "templates/REPORT_TEMPLATE.md",
      "present": true
    },
    {
      "path": "templates/STATE_TEMPLATE.json",
      "present": true
    },
    {
      "path": "skills/hermes-pm-framework.skill.md",
      "present": true
    },
    {
      "path": "skills/hermes-pm-framework.prompt.json",
      "present": true
    },
    {
      "path": "LOGS",
      "present": true
    },
    {
      "path": "REPORTS",
      "present": true
    }
  ]
}

=== npm test ===

> everythingai-root@0.1.0 test
> node --test tests/*.test.mjs

TAP version 13
# Subtest: all clean — no heartbeat, no lock, no state → NO_ACTION
ok 1 - all clean — no heartbeat, no lock, no state → NO_ACTION
  ---
  duration_ms: 44.754204
  type: 'test'
  ...
# Subtest: active heartbeat with alive PID on same host → NO_ACTION
ok 2 - active heartbeat with alive PID on same host → NO_ACTION
  ---
  duration_ms: 37.351329
  type: 'test'
  ...
# Subtest: active claim lock with alive PID on same host → NO_ACTION
ok 3 - active claim lock with alive PID on same host → NO_ACTION
  ---
  duration_ms: 42.144123
  type: 'test'
  ...
# Subtest: intentional shutdown heartbeat with clean state → NO_ACTION
ok 4 - intentional shutdown heartbeat with clean state → NO_ACTION
  ---
  duration_ms: 48.434447
  type: 'test'
  ...
# Subtest: stale heartbeat + stale claim lock + matching report → RECOVERED
ok 5 - stale heartbeat + stale claim lock + matching report → RECOVERED
  ---
  duration_ms: 40.349917
  type: 'test'
  ...
# Subtest: stale artifacts + IN_PROGRESS + no report + open issue → MANUAL_REVIEW_REQUIRED
ok 6 - stale artifacts + IN_PROGRESS + no report + open issue → MANUAL_REVIEW_REQUIRED
  ---
  duration_ms: 28.705788
  type: 'test'
  ...
# Subtest: stale claim lock with matching report → RECOVERED
ok 7 - stale claim lock with matching report → RECOVERED
  ---
  duration_ms: 25.099073
  type: 'test'
  ...
# Subtest: stale claim lock with IN_PROGRESS state (no heartbeat) → MANUAL_REVIEW_REQUIRED
ok 8 - stale claim lock with IN_PROGRESS state (no heartbeat) → MANUAL_REVIEW_REQUIRED
  ---
  duration_ms: 23.412908
  type: 'test'
  ...
# Subtest: IN_PROGRESS state without claim lock or heartbeat → MANUAL_REVIEW_REQUIRED
ok 9 - IN_PROGRESS state without claim lock or heartbeat → MANUAL_REVIEW_REQUIRED
  ---
  duration_ms: 16.112145
  type: 'test'
  ...
# Subtest: claim lock from different host → MANUAL_REVIEW_REQUIRED
ok 10 - claim lock from different host → MANUAL_REVIEW_REQUIRED
  ---
  duration_ms: 27.619687
  type: 'test'
  ...
# Subtest: stale artifacts from different host are escalated for manual review
ok 11 - stale artifacts from different host are escalated for manual review
  ---
  duration_ms: 27.416377
  type: 'test'
  ...
# Subtest: recovery corrects stale hermes:working on GitHub when report exists
ok 12 - recovery corrects stale hermes:working on GitHub when report exists
  ---
  duration_ms: 32.075462
  type: 'test'
  ...
# Subtest: reconciliation writes recovery evidence log
ok 13 - reconciliation writes recovery evidence log
  ---
  duration_ms: 14.07788
  type: 'test'
  ...
# Subtest: active supervisor lock with alive PID → NO_ACTION
ok 14 - active supervisor lock with alive PID → NO_ACTION
  ---
  duration_ms: 16.124036
  type: 'test'
  ...
# Subtest: stale heartbeat without claim lock → RECOVERED
ok 15 - stale heartbeat without claim lock → RECOVERED
  ---
  duration_ms: 18.688974
  type: 'test'
  ...
# Subtest: stale heartbeat with IN_PROGRESS state (no claim lock) → MANUAL_REVIEW_REQUIRED
ok 16 - stale heartbeat with IN_PROGRESS state (no claim lock) → MANUAL_REVIEW_REQUIRED
  ---
  duration_ms: 33.077464
  type: 'test'
  ...
# Subtest: stale claim lock without IN_PROGRESS state → RECOVERED
ok 17 - stale claim lock without IN_PROGRESS state → RECOVERED
  ---
  duration_ms: 28.399356
  type: 'test'
  ...
# Subtest: STOPPED heartbeat with clean state → NO_ACTION
ok 18 - STOPPED heartbeat with clean state → NO_ACTION
  ---
  duration_ms: 19.089944
  type: 'test'
  ...
# Subtest: crash recovery handles full stale lifecycle gracefully
ok 19 - crash recovery handles full stale lifecycle gracefully
  ---
  duration_ms: 53.567156
  type: 'test'
  ...
# Subtest: recovery corrects hermes:working when report exists and issue still shows working
ok 20 - recovery corrects hermes:working when report exists and issue still shows working
  ---
  duration_ms: 37.008357
  type: 'test'
  ...
# Subtest: cross-host claim lock with locally-existing PID → MANUAL_REVIEW_REQUIRED not stale cleanup
ok 21 - cross-host claim lock with locally-existing PID → MANUAL_REVIEW_REQUIRED not stale cleanup
  ---
  duration_ms: 23.929335
  type: 'test'
  ...
# Subtest: cross-host supervisor lock → MANUAL_REVIEW_REQUIRED
ok 22 - cross-host supervisor lock → MANUAL_REVIEW_REQUIRED
  ---
  duration_ms: 41.361319
  type: 'test'
  ...
# Subtest: cross-host heartbeat → MANUAL_REVIEW_REQUIRED
ok 23 - cross-host heartbeat → MANUAL_REVIEW_REQUIRED
  ---
  duration_ms: 36.51302
  type: 'test'
  ...
# Subtest: label correction with non-responsive edit (labels unchanged) → MANUAL_REVIEW_REQUIRED
ok 24 - label correction with non-responsive edit (labels unchanged) → MANUAL_REVIEW_REQUIRED
  ---
  duration_ms: 54.065869
  type: 'test'
  ...
# Subtest: label correction with incomplete edit (adds labels but does not remove stale ones) → MANUAL_REVIEW_REQUIRED
ok 25 - label correction with incomplete edit (adds labels but does not remove stale ones) → MANUAL_REVIEW_REQUIRED
  ---
  duration_ms: 37.268082
  type: 'test'
  ...
# Subtest: tryRemove only records action when file is actually removed
ok 26 - tryRemove only records action when file is actually removed
  ---
  duration_ms: 22.549143
  type: 'test'
  ...
# Subtest: both cross-host claim lock and supervisor lock → first cross-host check triggers MANUAL_REVIEW
ok 27 - both cross-host claim lock and supervisor lock → first cross-host check triggers MANUAL_REVIEW
  ---
  duration_ms: 27.573731
  type: 'test'
  ...
# Subtest: stale claim lock + matching report + GitHub read failure → MANUAL_REVIEW_REQUIRED
ok 28 - stale claim lock + matching report + GitHub read failure → MANUAL_REVIEW_REQUIRED
  ---
  duration_ms: 25.481768
  type: 'test'
  ...
# Subtest: successful edit plus verified re-read records corrected-label action
ok 29 - successful edit plus verified re-read records corrected-label action
  ---
  duration_ms: 58.28469
  type: 'test'
  ...
# Subtest: creates and validates the versioned lifecycle schema
ok 30 - creates and validates the versioned lifecycle schema
  ---
  duration_ms: 3.102883
  type: 'test'
  ...
# Subtest: redacts sensitive keys and secret-shaped nested values
ok 31 - redacts sensitive keys and secret-shaped nested values
  ---
  duration_ms: 4.267181
  type: 'test'
  ...
# Subtest: appends readable NDJSON and tolerates a malformed trailing line
ok 32 - appends readable NDJSON and tolerates a malformed trailing line
  ---
  duration_ms: 5.247054
  type: 'test'
  ...
# Subtest: surfaces corruption in the middle without leaking its contents
ok 33 - surfaces corruption in the middle without leaking its contents
  ---
  duration_ms: 2.915974
  type: 'test'
  ...
# Subtest: rejects schema-invalid and newline-terminated malformed final records
ok 34 - rejects schema-invalid and newline-terminated malformed final records
  ---
  duration_ms: 4.199122
  type: 'test'
  ...
# Subtest: uses physical line numbers and tolerates a partial CRLF trailing fragment
ok 35 - uses physical line numbers and tolerates a partial CRLF trailing fragment
  ---
  duration_ms: 6.425106
  type: 'test'
  ...
# Subtest: preserves rapid append ordering
ok 36 - preserves rapid append ordering
  ---
  duration_ms: 13.074895
  type: 'test'
  ...
# Subtest: preserves complete records from concurrent independent writers
ok 37 - preserves complete records from concurrent independent writers
  ---
  duration_ms: 127.057305
  type: 'test'
  ...
# Subtest: rotates bounded history and retains configured rotated files
ok 38 - rotates bounded history and retains configured rotated files
  ---
  duration_ms: 18.781306
  type: 'test'
  ...
# Subtest: rotation rename failure leaves the active history unchanged
ok 39 - rotation rename failure leaves the active history unchanged
  ---
  duration_ms: 6.234722
  type: 'test'
  ...
# Subtest: retention failure is explicit after preserving active and rotated records
ok 40 - retention failure is explicit after preserving active and rotated records
  ---
  duration_ms: 3.686564
  type: 'test'
  ...
# Subtest: rejects oversized event payloads
ok 41 - rejects oversized event payloads
  ---
  duration_ms: 1.058389
  type: 'test'
  ...
# Subtest: status matrix: healthy
ok 42 - status matrix: healthy
  ---
  duration_ms: 11.766948
  type: 'test'
  ...
# Subtest: status matrix: blocked state
ok 43 - status matrix: blocked state
  ---
  duration_ms: 9.772038
  type: 'test'
  ...
# Subtest: status matrix: terminal retry
ok 44 - status matrix: terminal retry
  ---
  duration_ms: 5.333826
  type: 'test'
  ...
# Subtest: status matrix: stale heartbeat
ok 45 - status matrix: stale heartbeat
  ---
  duration_ms: 3.032281
  type: 'test'
  ...
# Subtest: status matrix: exact stale boundary remains fresh
ok 46 - status matrix: exact stale boundary remains fresh
  ---
  duration_ms: 3.095188
  type: 'test'
  ...
# Subtest: status matrix: stopped heartbeat
ok 47 - status matrix: stopped heartbeat
  ---
  duration_ms: 4.666608
  type: 'test'
  ...
# Subtest: status matrix: missing heartbeat
ok 48 - status matrix: missing heartbeat
  ---
  duration_ms: 1.287617
  type: 'test'
  ...
# Subtest: status matrix: corrupt state
ok 49 - status matrix: corrupt state
  ---
  duration_ms: 4.946742
  type: 'test'
  ...
# Subtest: status matrix: corrupt heartbeat
ok 50 - status matrix: corrupt heartbeat
  ---
  duration_ms: 6.490348
  type: 'test'
  ...
# Subtest: status matrix: corrupt retry
ok 51 - status matrix: corrupt retry
  ---
  duration_ms: 3.491229
  type: 'test'
  ...
# Subtest: status matrix: active retry
ok 52 - status matrix: active retry
  ---
  duration_ms: 2.220603
  type: 'test'
  ...
# Subtest: status matrix: claim lock
ok 53 - status matrix: claim lock
  ---
  duration_ms: 3.506259
  type: 'test'
  ...
# Subtest: 120001ms is stale and injected clock controls lock age
ok 54 - 120001ms is stale and injected clock controls lock age
  ---
  duration_ms: 1.919481
  type: 'test'
  ...
# Subtest: history accepts a partial trailing record but rejects corrupt middle records
ok 55 - history accepts a partial trailing record but rejects corrupt middle records
  ---
  duration_ms: 3.979113
  type: 'test'
  ...
# Subtest: unsupported history schema degrades without exposing record contents
ok 56 - unsupported history schema degrades without exposing record contents
  ---
  duration_ms: 2.97294
  type: 'test'
  ...
# Subtest: last events are selected chronologically across rotated files
ok 57 - last events are selected chronologically across rotated files
  ---
  duration_ms: 3.124353
  type: 'test'
  ...
# Subtest: JSON and human output are concise, stable, redacted, and read-only
ok 58 - JSON and human output are concise, stable, redacted, and read-only
  ---
  duration_ms: 8.713427
  type: 'test'
  ...
# Subtest: metrics derive from durable history and not mutable state
ok 59 - metrics derive from durable history and not mutable state
  ---
  duration_ms: 11.740739
  type: 'test'
  ...
# Subtest: status precedence is total and deterministic for mixed conditions
ok 60 - status precedence is total and deterministic for mixed conditions
  ---
  duration_ms: 33.444051
  type: 'test'
  ...
# Subtest: exact 120000ms heartbeat boundary is fresh and 120001ms is stale
ok 61 - exact 120000ms heartbeat boundary is fresh and 120001ms is stale
  ---
  duration_ms: 7.577292
  type: 'test'
  ...
# Subtest: each malformed runtime JSON artifact degrades and reports corruption
ok 62 - each malformed runtime JSON artifact degrades and reports corruption
  ---
  duration_ms: 15.668684
  type: 'test'
  ...
# Subtest: each individually missing optional artifact remains safe
ok 63 - each individually missing optional artifact remains safe
  ---
  duration_ms: 24.986913
  type: 'test'
  ...
# Subtest: read-only snapshot preserves every runtime byte, metadata, directory entry, and absence
ok 64 - read-only snapshot preserves every runtime byte, metadata, directory entry, and absence
  ---
  duration_ms: 5.974915
  type: 'test'
  ...
# Subtest: secret canaries never appear in JSON, human output, stderr, or thrown errors
ok 65 - secret canaries never appear in JSON, human output, stderr, or thrown errors
  ---
  duration_ms: 175.184457
  type: 'test'
  ...
# Subtest: queue unavailable and queue exceptions are deterministic and non-fatal to inspection
ok 66 - queue unavailable and queue exceptions are deterministic and non-fatal to inspection
  ---
  duration_ms: 1.853516
  type: 'test'
  ...
# Subtest: claim and supervisor lock ages, including mtime fallback, use the injected clock
ok 67 - claim and supervisor lock ages, including mtime fallback, use the injected clock
  ---
  duration_ms: 3.872322
  type: 'test'
  ...
# Subtest: actual JSON and human CLI modes preserve an isolated runtime tree
ok 68 - actual JSON and human CLI modes preserve an isolated runtime tree
  ---
  duration_ms: 178.440998
  type: 'test'
  ...
# Subtest: classifies explicit, transport, claim, validation, and unknown failures
ok 69 - classifies explicit, transport, claim, validation, and unknown failures
  ---
  duration_ms: 2.27286
  type: 'test'
  ...
# Subtest: only idempotent or live-revalidated operations can retry
ok 70 - only idempotent or live-revalidated operations can retry
  ---
  duration_ms: 0.54017
  type: 'test'
  ...
# Subtest: backoff is bounded and deterministic without jitter
ok 71 - backoff is bounded and deterministic without jitter
  ---
  duration_ms: 0.445444
  type: 'test'
  ...
# Subtest: jitter is deterministic, clamped to the ceiling, and sanitizes bad samples
ok 72 - jitter is deterministic, clamped to the ceiling, and sanitizes bad samples
  ---
  duration_ms: 0.4916
  type: 'test'
  ...
# Subtest: transient failure retries, then exhausts attempts
ok 73 - transient failure retries, then exhausts attempts
  ---
  duration_ms: 1.531555
  type: 'test'
  ...
# Subtest: permanent, validation, and ambiguous mutations terminate without retry
ok 74 - permanent, validation, and ambiguous mutations terminate without retry
  ---
  duration_ms: 0.412572
  type: 'test'
  ...
# Subtest: restart enforces the persisted total-time ceiling at and beyond its boundary
ok 75 - restart enforces the persisted total-time ceiling at and beyond its boundary
  ---
  duration_ms: 2.617456
  type: 'test'
  ...
# Subtest: retry lifecycle persists across restart and clears state after success
ok 76 - retry lifecycle persists across restart and clears state after success
  ---
  duration_ms: 6.355346
  type: 'test'
  ...
# Subtest: claim conflicts require live revalidation and operator/unknown failures escalate
ok 77 - claim conflicts require live revalidation and operator/unknown failures escalate
  ---
  duration_ms: 1.001073
  type: 'test'
  ...
# Subtest: CLI mode polling returns POLLING
ok 78 - CLI mode polling returns POLLING
  ---
  duration_ms: 2.299021
  type: 'test'
  ...
# Subtest: CLI mode webhook returns WEBHOOK
ok 79 - CLI mode webhook returns WEBHOOK
  ---
  duration_ms: 0.473095
  type: 'test'
  ...
# Subtest: CLI and environment agree on the same mode
ok 80 - CLI and environment agree on the same mode
  ---
  duration_ms: 0.302987
  type: 'test'
  ...
# Subtest: invalid CLI mode returns UNKNOWN
ok 81 - invalid CLI mode returns UNKNOWN
  ---
  duration_ms: 0.381223
  type: 'test'
  ...
# Subtest: no explicit mode returns UNKNOWN
ok 82 - no explicit mode returns UNKNOWN
  ---
  duration_ms: 1.874545
  type: 'test'
  ...
# Subtest: writeHeartbeat creates a valid heartbeat file at the given path
ok 83 - writeHeartbeat creates a valid heartbeat file at the given path
  ---
  duration_ms: 6.059503
  type: 'test'
  ...
# Subtest: writeHeartbeat does not include hostname when not passed
ok 84 - writeHeartbeat does not include hostname when not passed
  ---
  duration_ms: 3.428773
  type: 'test'
  ...
# Subtest: writeHeartbeat does not include environment variables, tokens, or secrets
ok 85 - writeHeartbeat does not include environment variables, tokens, or secrets
  ---
  duration_ms: 3.115186
  type: 'test'
  ...
# Subtest: writeHeartbeat uses atomic write (tmp file then rename)
ok 86 - writeHeartbeat uses atomic write (tmp file then rename)
  ---
  duration_ms: 4.295604
  type: 'test'
  ...
# Subtest: readHeartbeat returns null for missing file
ok 87 - readHeartbeat returns null for missing file
  ---
  duration_ms: 0.434903
  type: 'test'
  ...
# Subtest: readHeartbeat returns parsed heartbeat
ok 88 - readHeartbeat returns parsed heartbeat
  ---
  duration_ms: 4.055625
  type: 'test'
  ...
# Subtest: isHeartbeatStale returns true when heartbeat is null
ok 89 - isHeartbeatStale returns true when heartbeat is null
  ---
  duration_ms: 0.658671
  type: 'test'
  ...
# Subtest: isHeartbeatStale returns false when heartbeat is fresh
ok 90 - isHeartbeatStale returns false when heartbeat is fresh
  ---
  duration_ms: 0.265125
  type: 'test'
  ...
# Subtest: isHeartbeatStale returns true when heartbeat exceeds stale threshold
ok 91 - isHeartbeatStale returns true when heartbeat exceeds stale threshold
  ---
  duration_ms: 0.863626
  type: 'test'
  ...
# Subtest: isHeartbeatStale returns true on unparseable lastHeartbeat
ok 92 - isHeartbeatStale returns true on unparseable lastHeartbeat
  ---
  duration_ms: 0.870958
  type: 'test'
  ...
# Subtest: isHeartbeatStale uses threshold parameter correctly
ok 93 - isHeartbeatStale uses threshold parameter correctly
  ---
  duration_ms: 0.389449
  type: 'test'
  ...
# Subtest: acquireSupervisorLock creates lock with metadata
ok 94 - acquireSupervisorLock creates lock with metadata
  ---
  duration_ms: 3.802943
  type: 'test'
  ...
# Subtest: createSupervisor returns a controller object
ok 95 - createSupervisor returns a controller object
  ---
  duration_ms: 0.904842
  type: 'test'
  ...
# Subtest: createSupervisor start returns SINGLE_USE if started after stop
ok 96 - createSupervisor start returns SINGLE_USE if started after stop
  ---
  duration_ms: 9.643897
  type: 'test'
  ...
# Subtest: createSupervisor stop returns NOT_RUNNING if not started
ok 97 - createSupervisor stop returns NOT_RUNNING if not started
  ---
  duration_ms: 0.281726
  type: 'test'
  ...
# Subtest: createSupervisor setStatus updates tracked state
ok 98 - createSupervisor setStatus updates tracked state
  ---
  duration_ms: 0.357138
  type: 'test'
  ...
# Subtest: createSupervisor setStatus updates mode
ok 99 - createSupervisor setStatus updates mode
  ---
  duration_ms: 0.200315
  type: 'test'
  ...
# Subtest: supervisor.used getter reflects single-use state
ok 100 - supervisor.used getter reflects single-use state
  ---
  duration_ms: 3.884234
  type: 'test'
  ...
# Subtest: supervisor creates a fresh instance from a new factory call
ok 101 - supervisor creates a fresh instance from a new factory call
  ---
  duration_ms: 0.46565
  type: 'test'
  ...
# Subtest: CLI --dry-run outputs valid JSON and exits 0
ok 102 - CLI --dry-run outputs valid JSON and exits 0
  ---
  duration_ms: 69.802661
  type: 'test'
  ...
# Subtest: CLI --dry-run --mode webhook outputs correct mode
ok 103 - CLI --dry-run --mode webhook outputs correct mode
  ---
  duration_ms: 73.009159
  type: 'test'
  ...
# Subtest: CLI --dry-run --interval 5000 outputs correct interval
ok 104 - CLI --dry-run --interval 5000 outputs correct interval
  ---
  duration_ms: 66.907327
  type: 'test'
  ...
# Subtest: CLI without --dry-run starts supervisor and writes heartbeat
ok 105 - CLI without --dry-run starts supervisor and writes heartbeat
  ---
  duration_ms: 3018.064696
  type: 'test'
  ...
# Subtest: DEFAULT_HEARTBEAT_INTERVAL_MS is 30 seconds
ok 106 - DEFAULT_HEARTBEAT_INTERVAL_MS is 30 seconds
  ---
  duration_ms: 0.291264
  type: 'test'
  ...
# Subtest: DEFAULT_STALE_THRESHOLD_MS is 2 minutes
ok 107 - DEFAULT_STALE_THRESHOLD_MS is 2 minutes
  ---
  duration_ms: 0.156933
  type: 'test'
  ...
# Subtest: HEARTBEAT_MODES has all expected modes
ok 108 - HEARTBEAT_MODES has all expected modes
  ---
  duration_ms: 0.693316
  type: 'test'
  ...
# Subtest: subprocess SIGTERM creates heartbeat, exits cleanly, releases lock
ok 109 - subprocess SIGTERM creates heartbeat, exits cleanly, releases lock
  ---
  duration_ms: 79.283494
  type: 'test'
  ...
# Subtest: subprocess SIGINT creates heartbeat, exits cleanly, releases lock
ok 110 - subprocess SIGINT creates heartbeat, exits cleanly, releases lock
  ---
  duration_ms: 76.215847
  type: 'test'
  ...
# Subtest: signal handlers are detached after supervisor stop
ok 111 - signal handlers are detached after supervisor stop
  ---
  duration_ms: 2.405129
  type: 'test'
  ...
# Subtest: fresh supervisor instance works after stop in same process
ok 112 - fresh supervisor instance works after stop in same process
  ---
  duration_ms: 2.643414
  type: 'test'
  ...
# Subtest: stop after SIGTERM-like shutdown does not leave stale handlers
ok 113 - stop after SIGTERM-like shutdown does not leave stale handlers
  ---
  duration_ms: 5.103785
  type: 'test'
  ...
# Subtest: in-process SIGTERM handler detaches listeners, releases lock, writes SHUTDOWN heartbeat
ok 114 - in-process SIGTERM handler detaches listeners, releases lock, writes SHUTDOWN heartbeat
  ---
  duration_ms: 3.04257
  type: 'test'
  ...
# Subtest: two claimants targeting the same issue yield exactly one CLAIMED result
ok 115 - two claimants targeting the same issue yield exactly one CLAIMED result
  ---
  duration_ms: 23.092029
  type: 'test'
  ...
# Subtest: an existing in-progress state causes a claim conflict
ok 116 - an existing in-progress state causes a claim conflict
  ---
  duration_ms: 1.126056
  type: 'test'
  ...
# Subtest: an existing valid local lock causes a claim conflict
ok 117 - an existing valid local lock causes a claim conflict
  ---
  duration_ms: 3.978521
  type: 'test'
  ...
# Subtest: stale lock recovery is conservative and replaces a dead owner lock
ok 118 - stale lock recovery is conservative and replaces a dead owner lock
  ---
  duration_ms: 16.385466
  type: 'test'
  ...
# Subtest: losing hermes:ready between discovery and claim returns NOT_RUNNABLE
ok 119 - losing hermes:ready between discovery and claim returns NOT_RUNNABLE
  ---
  duration_ms: 5.067528
  type: 'test'
  ...
# Subtest: an issue already marked hermes:working or hermes:done is not runnable
ok 120 - an issue already marked hermes:working or hermes:done is not runnable
  ---
  duration_ms: 3.078979
  type: 'test'
  ...
# Subtest: a matching report short-circuits with ALREADY_COMPLETED
ok 121 - a matching report short-circuits with ALREADY_COMPLETED
  ---
  duration_ms: 2.035036
  type: 'test'
  ...
# Subtest: failed label verification releases the local lock
ok 122 - failed label verification releases the local lock
  ---
  duration_ms: 3.650096
  type: 'test'
  ...
# [task-poller] Runnable issues:
# - \#70 EAI-TASK-039 EAI-TASK-039A
# [task-poller] Runnable issues:
# - \#70 EAI-TASK-039 EAI-TASK-039A
# {
#   "ok": false,
#   "result": "UNKNOWN_RUNTIME_MODE",
#   "source": "none",
#   "mode": "UNKNOWN",
#   "evidence": [
#     "no explicit runtime mode found"
#   ],
#   "remediation": "set a mode"
# }
# Subtest: polling entry ignores webhook environment noise and still queries the queue
ok 123 - polling entry ignores webhook environment noise and still queries the queue
  ---
  duration_ms: 6.226385
  type: 'test'
  ...
# Subtest: polling entry succeeds when no webhook variables are present
ok 124 - polling entry succeeds when no webhook variables are present
  ---
  duration_ms: 0.78623
  type: 'test'
  ...
# Subtest: unknown polling runtime does not query GitHub
ok 125 - unknown polling runtime does not query GitHub
  ---
  duration_ms: 0.485569
  type: 'test'
  ...
# [task-poller] Runnable issues:
# - \#60 EAI-TASK-038 EAI-TASK-038
# [task-poller] Dispatching worker for \#60 EAI-TASK-038 EAI-TASK-038
# [task-poller] No runnable issues found.
# Subtest: watchLoop continues queue watching after a claim conflict
ok 126 - watchLoop continues queue watching after a claim conflict
  ---
  duration_ms: 13.825499
  type: 'test'
  ...
# {
#   "ok": false,
#   "result": "UNKNOWN_RUNTIME_MODE",
#   "source": "none",
#   "mode": "UNKNOWN",
#   "evidence": [
#     "no explicit runtime mode found"
#   ],
#   "remediation": "set a mode"
# }
# [task-worker] \#999 EAI-TASK-999 EAI-TASK-999
# [task-worker] Report: /root/.hermes/projects/everythingAI/REPORTS/EAI-TASK-999-HERMES-WORKER-LIFECYCLE.md
# [task-worker] Log: /root/.hermes/projects/everythingAI/LOGS/EAI-TASK-999-terminal.log
# [task-worker] Commented: false
# [task-worker] Labels updated: false
# Subtest: unknown runtime mode causes no GitHub mutation or issue selection
ok 127 - unknown runtime mode causes no GitHub mutation or issue selection
  ---
  duration_ms: 3.644466
  type: 'test'
  ...
# Subtest: polling worker claims through shared authority without a ReferenceError
ok 128 - polling worker claims through shared authority without a ReferenceError
  ---
  duration_ms: 24.221581
  type: 'test'
  ...
# Subtest: discoverWebhookPayload prefers GITHUB_EVENT_PATH over other sources
ok 129 - discoverWebhookPayload prefers GITHUB_EVENT_PATH over other sources
  ---
  duration_ms: 3.27799
  type: 'test'
  ...
# Subtest: discoverWebhookPayload blocks when no payload source exists
ok 130 - discoverWebhookPayload blocks when no payload source exists
  ---
  duration_ms: 0.70608
  type: 'test'
  ...
# Subtest: classifyWebhookEvent returns INVALID_EVENT_PAYLOAD for malformed JSON
ok 131 - classifyWebhookEvent returns INVALID_EVENT_PAYLOAD for malformed JSON
  ---
  duration_ms: 0.719956
  type: 'test'
  ...
# Subtest: classifyWebhookEvent ignores non-issues events
ok 132 - classifyWebhookEvent ignores non-issues events
  ---
  duration_ms: 0.413674
  type: 'test'
  ...
# Subtest: classifyWebhookEvent ignores issue events missing readiness labels
ok 133 - classifyWebhookEvent ignores issue events missing readiness labels
  ---
  duration_ms: 0.447968
  type: 'test'
  ...
# Subtest: runWebhookEntry claims exactly once and executes using the claimed ownership
ok 134 - runWebhookEntry claims exactly once and executes using the claimed ownership
  ---
  duration_ms: 19.404031
  type: 'test'
  ...
# Subtest: concurrent identical webhook deliveries dispatch at most one worker
ok 135 - concurrent identical webhook deliveries dispatch at most one worker
  ---
  duration_ms: 22.088622
  type: 'test'
  ...
# Subtest: runWebhookEntry rejects repeated delivery after the first execution
ok 136 - runWebhookEntry rejects repeated delivery after the first execution
  ---
  duration_ms: 11.954008
  type: 'test'
  ...
# Subtest: classifyWebhookEvent rejects repeated delivery after the first shared claim
ok 137 - classifyWebhookEvent rejects repeated delivery after the first shared claim
  ---
  duration_ms: 22.66985
  type: 'test'
  ...
# Subtest: unknown runtime mode causes no payload inspection or GitHub lookup
ok 138 - unknown runtime mode causes no payload inspection or GitHub lookup
  ---
  duration_ms: 0.849479
  type: 'test'
  ...
1..138
# tests 138
# suites 0
# pass 138
# fail 0
# cancelled 0
# skipped 0
# todo 0
# duration_ms 3745.600685

=== systemd-analyze verify ===

=== JSON checks ===
handover JSON: PASS
state JSON: PASS

=== diff check ===
diff check: PASS

=== watchdog disposable stale fixture ===
{
  "ok": false,
  "result": "HEARTBEAT_STALE",
  "evidence": [
    "heartbeat age 837778835272ms exceeds 120000ms"
  ]
}
watchdog exit code: 1 (expected 1)

=== host evidence (read-only) ===
id: ‘hermes’: no such user
/opt/everythingAI: absent
degraded

=== validation complete ===
