EAI-TASK-040 correction pass 2 — real subprocess signal tests
============================================================
2026-07-18T17:58:00Z | PM returned #63 to queue with correction spec:
                      | add real subprocess SIGTERM/SIGINT tests with isolated
                      | working directories, fix signal cleanup, update artifacts
2026-07-18T17:58:30Z | Claimed #63 with hermes:working label
2026-07-18T18:00:00Z | Read src/runtime-supervisor.js and tests/runtime-supervisor.test.mjs
2026-07-18T18:01:00Z | Updated tests/runtime-supervisor.test.mjs:
                      | - Added spawnSupervisorInIsolatedDir() helper using child_process.spawn()
                      |   with cwd=tempdir so heartbeats/locks go to isolated dir
                      | - Added waitForSupervisorStdout() helper for deterministic startup detection
                      | - Added waitForProcessExit() helper with timeout
                      | - Added test: subprocess SIGTERM creates heartbeat, exits cleanly, releases lock
                      |   -> Spawns CLI in temp dir, waits for 'Supervisor started', sends SIGTERM,
                      |      verifies heartbeat.json exists with lastResult=SHUTDOWN,
                      |      verifies supervisor.lock is released
                      | - Added test: subprocess SIGINT creates heartbeat, exits cleanly, releases lock
                      |   -> Same as SIGTERM but using SIGINT
                      | - Added test: signal handlers are detached after supervisor stop
                      |   -> Uses process.listeners('SIGTERM').length before/after to prove cleanup
                      | - Added test: fresh supervisor instance works after stop in same process
                      |   -> Start s1, stop, create s2, start s2 in same process
                      | - Added test: stop after SIGTERM-like shutdown does not leave stale handlers
                      |   -> Simulates start-stop cycle, verifies handler count returns to baseline,
                      |      verifies new instance can start (lock released)
2026-07-18T18:03:00Z | Validation results:
                      | node --test tests/runtime-supervisor.test.mjs -> 31/31 PASS (+5 new tests)
                      | node --test tests/*.test.mjs -> 60/60 PASS
                      | node scripts/framework-doctor.mjs -> PASS
                      | git diff --check -> PASS
