### node scripts/framework-doctor.mjs
{
  "repoRoot": "/root/.hermes/projects/everythingAI/",
  "status": "PASS",
  "gh": {
    "ok": true,
    "detail": "gh authenticated"
  },
  "state": "valid json",
  "files": [
    {
      "path": "package.json",
      "present": true
    },
    {
      "path": "scripts/task-poller.mjs",
      "present": true
    },
    {
      "path": "scripts/task-worker.mjs",
      "present": true
    },
    {
      "path": "scripts/framework-doctor.mjs",
      "present": true
    },
    {
      "path": "src/task-queue.js",
      "present": true
    },
    {
      "path": "templates/ISSUE_TEMPLATE_TASK.md",
      "present": true
    },
    {
      "path": "templates/ISSUE_TEMPLATE_BUGFIX.md",
      "present": true
    },
    {
      "path": "templates/ISSUE_TEMPLATE_REVIEW.md",
      "present": true
    },
    {
      "path": "templates/REPORT_TEMPLATE.md",
      "present": true
    },
    {
      "path": "templates/STATE_TEMPLATE.json",
      "present": true
    },
    {
      "path": "skills/hermes-pm-framework.skill.md",
      "present": true
    },
    {
      "path": "skills/hermes-pm-framework.prompt.json",
      "present": true
    },
    {
      "path": "LOGS",
      "present": true
    },
    {
      "path": "REPORTS",
      "present": true
    }
  ]
}
### exit=0
### node --test tests/runtime-mode.test.mjs tests/task-claim.test.mjs tests/task-poller-runtime-mode.test.mjs tests/task-poller-watch-loop.test.mjs tests/task-worker-runtime-mode.test.mjs tests/webhook-event-dispatcher.test.mjs
TAP version 13
# Subtest: CLI mode polling returns POLLING
ok 1 - CLI mode polling returns POLLING
  ---
  duration_ms: 2.075125
  type: 'test'
  ...
# Subtest: CLI mode webhook returns WEBHOOK
ok 2 - CLI mode webhook returns WEBHOOK
  ---
  duration_ms: 0.316783
  type: 'test'
  ...
# Subtest: CLI and environment agree on the same mode
ok 3 - CLI and environment agree on the same mode
  ---
  duration_ms: 0.306915
  type: 'test'
  ...
# Subtest: invalid CLI mode returns UNKNOWN
ok 4 - invalid CLI mode returns UNKNOWN
  ---
  duration_ms: 0.429694
  type: 'test'
  ...
# Subtest: no explicit mode returns UNKNOWN
ok 5 - no explicit mode returns UNKNOWN
  ---
  duration_ms: 2.222872
  type: 'test'
  ...
# Subtest: two claimants targeting the same issue yield exactly one CLAIMED result
ok 6 - two claimants targeting the same issue yield exactly one CLAIMED result
  ---
  duration_ms: 20.996178
  type: 'test'
  ...
# Subtest: an existing in-progress state causes a claim conflict
ok 7 - an existing in-progress state causes a claim conflict
  ---
  duration_ms: 1.78977
  type: 'test'
  ...
# Subtest: an existing valid local lock causes a claim conflict
ok 8 - an existing valid local lock causes a claim conflict
  ---
  duration_ms: 6.438545
  type: 'test'
  ...
# Subtest: stale lock recovery is conservative and replaces a dead owner lock
ok 9 - stale lock recovery is conservative and replaces a dead owner lock
  ---
  duration_ms: 11.88988
  type: 'test'
  ...
# Subtest: losing hermes:ready between discovery and claim returns NOT_RUNNABLE
ok 10 - losing hermes:ready between discovery and claim returns NOT_RUNNABLE
  ---
  duration_ms: 1.823574
  type: 'test'
  ...
# Subtest: an issue already marked hermes:working or hermes:done is not runnable
ok 11 - an issue already marked hermes:working or hermes:done is not runnable
  ---
  duration_ms: 1.018857
  type: 'test'
  ...
# Subtest: a matching report short-circuits with ALREADY_COMPLETED
ok 12 - a matching report short-circuits with ALREADY_COMPLETED
  ---
  duration_ms: 0.617736
  type: 'test'
  ...
# Subtest: failed label verification releases the local lock
ok 13 - failed label verification releases the local lock
  ---
  duration_ms: 1.336393
  type: 'test'
  ...
# [task-poller] Runnable issues:
# - \#70 EAI-TASK-039 EAI-TASK-039A
# [task-poller] Runnable issues:
# - \#70 EAI-TASK-039 EAI-TASK-039A
# {
#   "ok": false,
#   "result": "UNKNOWN_RUNTIME_MODE",
#   "source": "none",
#   "mode": "UNKNOWN",
#   "evidence": [
#     "no explicit runtime mode found"
#   ],
#   "remediation": "set a mode"
# }
# Subtest: polling entry ignores webhook environment noise and still queries the queue
ok 14 - polling entry ignores webhook environment noise and still queries the queue
  ---
  duration_ms: 7.014312
  type: 'test'
  ...
# Subtest: polling entry succeeds when no webhook variables are present
ok 15 - polling entry succeeds when no webhook variables are present
  ---
  duration_ms: 0.754943
  type: 'test'
  ...
# Subtest: unknown polling runtime does not query GitHub
ok 16 - unknown polling runtime does not query GitHub
  ---
  duration_ms: 0.435806
  type: 'test'
  ...
# [task-poller] Runnable issues:
# - \#60 EAI-TASK-038 EAI-TASK-038
# [task-poller] Dispatching worker for \#60 EAI-TASK-038 EAI-TASK-038
# [task-poller] No runnable issues found.
# Subtest: watchLoop continues queue watching after a claim conflict
ok 17 - watchLoop continues queue watching after a claim conflict
  ---
  duration_ms: 8.594571
  type: 'test'
  ...
# {
#   "ok": false,
#   "result": "UNKNOWN_RUNTIME_MODE",
#   "source": "none",
#   "mode": "UNKNOWN",
#   "evidence": [
#     "no explicit runtime mode found"
#   ],
#   "remediation": "set a mode"
# }
# [task-worker] \#999 EAI-TASK-999 EAI-TASK-999
# [task-worker] Report: /root/.hermes/projects/everythingAI/REPORTS/EAI-TASK-999-HERMES-WORKER-LIFECYCLE.md
# [task-worker] Log: /root/.hermes/projects/everythingAI/LOGS/EAI-TASK-999-terminal.log
# [task-worker] Commented: true
# [task-worker] Labels updated: true
# Subtest: unknown runtime mode causes no GitHub mutation or issue selection
ok 18 - unknown runtime mode causes no GitHub mutation or issue selection
  ---
  duration_ms: 3.353859
  type: 'test'
  ...
# Subtest: polling worker claims through shared authority without a ReferenceError
ok 19 - polling worker claims through shared authority without a ReferenceError
  ---
  duration_ms: 21.095415
  type: 'test'
  ...
# Subtest: discoverWebhookPayload prefers GITHUB_EVENT_PATH over other sources
ok 20 - discoverWebhookPayload prefers GITHUB_EVENT_PATH over other sources
  ---
  duration_ms: 2.706807
  type: 'test'
  ...
# Subtest: discoverWebhookPayload blocks when no payload source exists
ok 21 - discoverWebhookPayload blocks when no payload source exists
  ---
  duration_ms: 0.398326
  type: 'test'
  ...
# Subtest: classifyWebhookEvent returns INVALID_EVENT_PAYLOAD for malformed JSON
ok 22 - classifyWebhookEvent returns INVALID_EVENT_PAYLOAD for malformed JSON
  ---
  duration_ms: 0.721822
  type: 'test'
  ...
# Subtest: classifyWebhookEvent ignores non-issues events
ok 23 - classifyWebhookEvent ignores non-issues events
  ---
  duration_ms: 0.330259
  type: 'test'
  ...
# Subtest: classifyWebhookEvent ignores issue events missing readiness labels
ok 24 - classifyWebhookEvent ignores issue events missing readiness labels
  ---
  duration_ms: 0.375183
  type: 'test'
  ...
# Subtest: classifyWebhookEvent returns EXECUTE only after shared claim authority claims the issue
ok 25 - classifyWebhookEvent returns EXECUTE only after shared claim authority claims the issue
  ---
  duration_ms: 12.686292
  type: 'test'
  ...
# Subtest: classifyWebhookEvent rejects repeated delivery after the first shared claim
ok 26 - classifyWebhookEvent rejects repeated delivery after the first shared claim
  ---
  duration_ms: 9.622935
  type: 'test'
  ...
# Subtest: unknown runtime mode causes no payload inspection or GitHub lookup
ok 27 - unknown runtime mode causes no payload inspection or GitHub lookup
  ---
  duration_ms: 0.533488
  type: 'test'
  ...
1..27
# tests 27
# suites 0
# pass 27
# fail 0
# cancelled 0
# skipped 0
# todo 0
# duration_ms 274.946434
### exit=0
### npm test

> everythingai-root@0.1.0 test
> node --test tests/*.test.mjs

TAP version 13
# Subtest: CLI mode polling returns POLLING
ok 1 - CLI mode polling returns POLLING
  ---
  duration_ms: 2.088099
  type: 'test'
  ...
# Subtest: CLI mode webhook returns WEBHOOK
ok 2 - CLI mode webhook returns WEBHOOK
  ---
  duration_ms: 0.275315
  type: 'test'
  ...
# Subtest: CLI and environment agree on the same mode
ok 3 - CLI and environment agree on the same mode
  ---
  duration_ms: 0.297126
  type: 'test'
  ...
# Subtest: invalid CLI mode returns UNKNOWN
ok 4 - invalid CLI mode returns UNKNOWN
  ---
  duration_ms: 0.426889
  type: 'test'
  ...
# Subtest: no explicit mode returns UNKNOWN
ok 5 - no explicit mode returns UNKNOWN
  ---
  duration_ms: 2.460246
  type: 'test'
  ...
# Subtest: two claimants targeting the same issue yield exactly one CLAIMED result
ok 6 - two claimants targeting the same issue yield exactly one CLAIMED result
  ---
  duration_ms: 20.716455
  type: 'test'
  ...
# Subtest: an existing in-progress state causes a claim conflict
ok 7 - an existing in-progress state causes a claim conflict
  ---
  duration_ms: 1.103756
  type: 'test'
  ...
# Subtest: an existing valid local lock causes a claim conflict
ok 8 - an existing valid local lock causes a claim conflict
  ---
  duration_ms: 1.026191
  type: 'test'
  ...
# Subtest: stale lock recovery is conservative and replaces a dead owner lock
ok 9 - stale lock recovery is conservative and replaces a dead owner lock
  ---
  duration_ms: 13.200253
  type: 'test'
  ...
# Subtest: losing hermes:ready between discovery and claim returns NOT_RUNNABLE
ok 10 - losing hermes:ready between discovery and claim returns NOT_RUNNABLE
  ---
  duration_ms: 3.396548
  type: 'test'
  ...
# Subtest: an issue already marked hermes:working or hermes:done is not runnable
ok 11 - an issue already marked hermes:working or hermes:done is not runnable
  ---
  duration_ms: 1.024779
  type: 'test'
  ...
# Subtest: a matching report short-circuits with ALREADY_COMPLETED
ok 12 - a matching report short-circuits with ALREADY_COMPLETED
  ---
  duration_ms: 0.611034
  type: 'test'
  ...
# Subtest: failed label verification releases the local lock
ok 13 - failed label verification releases the local lock
  ---
  duration_ms: 1.730259
  type: 'test'
  ...
# [task-poller] Runnable issues:
# - \#70 EAI-TASK-039 EAI-TASK-039A
# [task-poller] Runnable issues:
# - \#70 EAI-TASK-039 EAI-TASK-039A
# {
#   "ok": false,
#   "result": "UNKNOWN_RUNTIME_MODE",
#   "source": "none",
#   "mode": "UNKNOWN",
#   "evidence": [
#     "no explicit runtime mode found"
#   ],
#   "remediation": "set a mode"
# }
# Subtest: polling entry ignores webhook environment noise and still queries the queue
ok 14 - polling entry ignores webhook environment noise and still queries the queue
  ---
  duration_ms: 7.714814
  type: 'test'
  ...
# Subtest: polling entry succeeds when no webhook variables are present
ok 15 - polling entry succeeds when no webhook variables are present
  ---
  duration_ms: 1.051929
  type: 'test'
  ...
# Subtest: unknown polling runtime does not query GitHub
ok 16 - unknown polling runtime does not query GitHub
  ---
  duration_ms: 0.600594
  type: 'test'
  ...
# [task-poller] Runnable issues:
# - \#60 EAI-TASK-038 EAI-TASK-038
# [task-poller] Dispatching worker for \#60 EAI-TASK-038 EAI-TASK-038
# [task-poller] No runnable issues found.
# Subtest: watchLoop continues queue watching after a claim conflict
ok 17 - watchLoop continues queue watching after a claim conflict
  ---
  duration_ms: 13.126485
  type: 'test'
  ...
# {
#   "ok": false,
#   "result": "UNKNOWN_RUNTIME_MODE",
#   "source": "none",
#   "mode": "UNKNOWN",
#   "evidence": [
#     "no explicit runtime mode found"
#   ],
#   "remediation": "set a mode"
# }
# [task-worker] \#999 EAI-TASK-999 EAI-TASK-999
# [task-worker] Report: /root/.hermes/projects/everythingAI/REPORTS/EAI-TASK-999-HERMES-WORKER-LIFECYCLE.md
# [task-worker] Log: /root/.hermes/projects/everythingAI/LOGS/EAI-TASK-999-terminal.log
# [task-worker] Commented: true
# [task-worker] Labels updated: true
# Subtest: unknown runtime mode causes no GitHub mutation or issue selection
ok 18 - unknown runtime mode causes no GitHub mutation or issue selection
  ---
  duration_ms: 3.502918
  type: 'test'
  ...
# Subtest: polling worker claims through shared authority without a ReferenceError
ok 19 - polling worker claims through shared authority without a ReferenceError
  ---
  duration_ms: 24.221458
  type: 'test'
  ...
# Subtest: discoverWebhookPayload prefers GITHUB_EVENT_PATH over other sources
ok 20 - discoverWebhookPayload prefers GITHUB_EVENT_PATH over other sources
  ---
  duration_ms: 4.285002
  type: 'test'
  ...
# Subtest: discoverWebhookPayload blocks when no payload source exists
ok 21 - discoverWebhookPayload blocks when no payload source exists
  ---
  duration_ms: 0.633446
  type: 'test'
  ...
# Subtest: classifyWebhookEvent returns INVALID_EVENT_PAYLOAD for malformed JSON
ok 22 - classifyWebhookEvent returns INVALID_EVENT_PAYLOAD for malformed JSON
  ---
  duration_ms: 0.769171
  type: 'test'
  ...
# Subtest: classifyWebhookEvent ignores non-issues events
ok 23 - classifyWebhookEvent ignores non-issues events
  ---
  duration_ms: 0.31518
  type: 'test'
  ...
# Subtest: classifyWebhookEvent ignores issue events missing readiness labels
ok 24 - classifyWebhookEvent ignores issue events missing readiness labels
  ---
  duration_ms: 0.319879
  type: 'test'
  ...
# Subtest: classifyWebhookEvent returns EXECUTE only after shared claim authority claims the issue
ok 25 - classifyWebhookEvent returns EXECUTE only after shared claim authority claims the issue
  ---
  duration_ms: 14.9457
  type: 'test'
  ...
# Subtest: classifyWebhookEvent rejects repeated delivery after the first shared claim
ok 26 - classifyWebhookEvent rejects repeated delivery after the first shared claim
  ---
  duration_ms: 12.749539
  type: 'test'
  ...
# Subtest: unknown runtime mode causes no payload inspection or GitHub lookup
ok 27 - unknown runtime mode causes no payload inspection or GitHub lookup
  ---
  duration_ms: 1.014079
  type: 'test'
  ...
1..27
# tests 27
# suites 0
# pass 27
# fail 0
# cancelled 0
# skipped 0
# todo 0
# duration_ms 292.501509
### exit=0
### git diff --check
### exit=0
### python3 -m json.tool docs/HANDOVER_2026-07-14_EAI_TASK_039.json
{
    "repo": "moh0709/everythingAI",
    "branch": "main",
    "issue": 61,
    "task": "EAI-TASK-039",
    "status": "PASS",
    "currentIssue": 61,
    "currentTask": "EAI-TASK-039",
    "result": "PASS",
    "startingCommitSha": "0f1962c3a1de3e4147004161a9ef3c77e282da61",
    "artifactCommitSha": "ba6388d2d69e7f23af6ed5f16dc6a99a3f537393",
    "finalCommitSha": "recorded in the final issue comment",
    "updatedAt": "2026-07-18T00:00:00Z",
    "summary": "Hardened claim preconditions so Hermes-owned labels block duplicate claims, preserved exclusive claim locking, expanded tests, and documented the claim contract in the operating manual.",
    "deliverables": [
        "src/task-claim.js",
        "tests/task-claim.test.mjs",
        "tests/task-poller-watch-loop.test.mjs",
        "docs/HERMES_OPERATING_MANUAL_RC1.md",
        "REPORTS/EAI-TASK-039-ATOMIC-CLAIM-HARDENING.md",
        "docs/HANDOVER_2026-07-14_EAI_TASK_039.json",
        "LOGS/EAI-TASK-039-terminal.log"
    ],
    "validations": [
        {
            "command": "node scripts/framework-doctor.mjs",
            "result": "PASS"
        },
        {
            "command": "node --test tests/runtime-mode.test.mjs tests/task-claim.test.mjs tests/task-poller-runtime-mode.test.mjs tests/task-poller-watch-loop.test.mjs tests/task-worker-runtime-mode.test.mjs tests/webhook-event-dispatcher.test.mjs",
            "result": "PASS"
        },
        {
            "command": "npm test",
            "result": "PASS"
        },
        {
            "command": "git diff --check",
            "result": "PENDING"
        },
        {
            "command": "python3 -m json.tool docs/HANDOVER_2026-07-14_EAI_TASK_039.json",
            "result": "PENDING"
        }
    ],
    "notes": [
        "The shared claim authority now rejects issues that already carry hermes:working or hermes:done before ownership is granted.",
        "The repository snapshot does not contain .hermes/state.json, so the claim path correctly skipped state writes.",
        "The final pushed SHA will be posted in the GitHub issue comment after the metadata-sync commit."
    ]
}
### exit=0
### git diff --check
### exit=0
### python3 -m json.tool docs/HANDOVER_2026-07-14_EAI_TASK_039.json
{
    "repo": "moh0709/everythingAI",
    "branch": "main",
    "issue": 61,
    "task": "EAI-TASK-039",
    "status": "PASS",
    "currentIssue": 61,
    "currentTask": "EAI-TASK-039",
    "result": "PASS",
    "startingCommitSha": "0f1962c3a1de3e4147004161a9ef3c77e282da61",
    "artifactCommitSha": "ba6388d2d69e7f23af6ed5f16dc6a99a3f537393",
    "finalCommitSha": "recorded in the final issue comment",
    "updatedAt": "2026-07-18T00:00:00Z",
    "summary": "Hardened claim preconditions so Hermes-owned labels block duplicate claims, preserved exclusive claim locking, expanded tests, and documented the claim contract in the operating manual.",
    "deliverables": [
        "src/task-claim.js",
        "tests/task-claim.test.mjs",
        "tests/task-poller-watch-loop.test.mjs",
        "docs/HERMES_OPERATING_MANUAL_RC1.md",
        "REPORTS/EAI-TASK-039-ATOMIC-CLAIM-HARDENING.md",
        "docs/HANDOVER_2026-07-14_EAI_TASK_039.json",
        "LOGS/EAI-TASK-039-terminal.log"
    ],
    "validations": [
        {
            "command": "node scripts/framework-doctor.mjs",
            "result": "PASS"
        },
        {
            "command": "node --test tests/runtime-mode.test.mjs tests/task-claim.test.mjs tests/task-poller-runtime-mode.test.mjs tests/task-poller-watch-loop.test.mjs tests/task-worker-runtime-mode.test.mjs tests/webhook-event-dispatcher.test.mjs",
            "result": "PASS"
        },
        {
            "command": "npm test",
            "result": "PASS"
        },
        {
            "command": "git diff --check",
            "result": "PASS"
        },
        {
            "command": "python3 -m json.tool docs/HANDOVER_2026-07-14_EAI_TASK_039.json",
            "result": "PASS"
        }
    ],
    "notes": [
        "The shared claim authority now rejects issues that already carry hermes:working or hermes:done before ownership is granted.",
        "The repository snapshot does not contain .hermes/state.json, so the claim path correctly skipped state writes.",
        "The final pushed SHA will be posted in the GitHub issue comment after the metadata-sync commit."
    ]
}
### exit=0
