EAI-TASK-023 terminal log

Repository: /root/.hermes/projects/everythingAI
Branch: main
Issue: #45

Reproduction and fix verification:
- Pre-fix repro of persistWikiPages with a forward reference relation failed with: FOREIGN KEY constraint failed.
- Post-fix repro of the same persisted wiki batch succeeded and returned a persisted relation targeting the later page.

Focused regression command:
- node --test services/api/test/wikiRepository.test.js services/api/test/wikiRoutes.test.js
  Result: PASS (8/8 tests)

Validation commands:
- git pull --ff-only
  Result: Already up to date.
- node scripts/framework-doctor.mjs
  Result: PASS
- cd apps/everything-ai-ui && npm run typecheck
  Result: PASS
- cd apps/everything-ai-ui && npm run build
  Result: PASS
- cd services/api && npm test
  Result: PASS (114 tests, 0 failures, 1 skipped)

Notes:
- No secrets, tokens, or environment variables were printed.
- .hermes/state.json did not exist in this repository, so no state update was made.
- The wiki persistence change only touched relation insertion ordering and regression coverage.
