EAI-TASK-014 terminal log
=========================

Repo root: /root/.hermes/projects/everythingAI
Issue: #36
Task: EAI-TASK-014 - Targeted cleanup of redundant admin entry files

Reference checks
----------------
Commands run:
- gh issue view 36 --json number,title,body,labels,url
- grep-style repository searches for:
  - AdminAppV2
  - src/admin/admin-main
  - admin/admin-main

Results:
- No matches were found for AdminAppV2 in apps/everything-ai-ui, vite.config.ts, or admin HTML files.
- No matches were found for src/admin/admin-main.
- No matches were found for admin/admin-main.
- The checked redundant admin entry file paths are not present in this checkout.

Validation
----------
Commands run from repo root:
- git pull --ff-only
- node scripts/framework-doctor.mjs
- cd apps/everything-ai-ui && npm run typecheck
- cd apps/everything-ai-ui && npm run build
- cd ../../services/api && npm test

Results:
- git pull --ff-only: PASS (Already up to date.)
- framework doctor: PASS
- UI typecheck: PASS
- UI build: PASS
- API tests: PASS (114 tests total; 113 passed, 1 skipped, 0 failed)

Safety / boundary notes
-----------------------
- Active admin path preserved: apps/everything-ai-ui/admin.html -> src/admin-main.tsx -> src/admin/AdminApp.tsx -> src/admin/AdminRuntimeApp.tsx
- No core application code was modified.
- No secrets or environment variables were exposed.

