EAI-TASK-043 correction rerun terminal log
Timestamp: 2026-07-19

Claim
- GitHub issue #66 claimed with hermes:working.
- Scope: PM QA correction for newline-terminated malformed records and rotation failure safety.

Implementation
- src/event-history.js: only an unterminated final fragment is tolerated; newline-terminated malformed JSON raises a line-numbered HistoryCorruptionError.
- Reader reports physical line numbers and preserves safe error messages without record contents.
- Rotation now has injected filesystem operations for deterministic failure tests.
- Rename failure aborts before append, preserving the active file.
- Retention deletion failure is surfaced after the new active record is appended, preserving active and rotated complete records.
- tests/event-history.test.mjs: expanded focused coverage to 11 tests, including CRLF, physical line numbering, rename failure, and retention failure.

Validation commands and results
$ node --test tests/event-history.test.mjs
PASS — 11/11

$ npm test
PASS — 110/110

$ npm run framework:doctor
PASS — gh authenticated, state valid, required framework files present

$ git diff --check
PASS

$ python3 -m json.tool .hermes/state.json
PASS

$ python3 -m json.tool docs/HANDOVER_2026-07-15_EAI_TASK_043.json
PASS

Artifact commit: 897d3ffd308d80bcb8910550dc3f2af67a64ba26
No apps/ or services/ product code changed. No secrets or environment values recorded.
