Issue #11 Phase 5.6 escalation governance foundation validation log

Startup/context:
- Loaded C:\temp\EverythingAI\.hermes\forge\context-11.json completely.
- Loaded PROJECT_STATE.md and AI_BOOTSTRAP.md from local repository.
- Confirmed live GitHub issue #11 state: OPEN, label forge:working, maintenance claim comment present.
- Confirmed branch/SHA before implementation: main at 996d2837d498414223d8ac72360b25a9c84a9b50.
- Preserved unrelated local working tree changes:
  - LOGS/EAI-TASK-046-terminal.log
  - apps/everything-ai-ui/src/planning.css
  - docs/AUTONOMOUS_FORGE_PM_RETEST_2026-07-29.json

TDD RED:
- Command: node --test services/api/test/phase5EscalationGovernanceFoundation.test.js
- Result: FAIL as expected
- Evidence: ERR_MODULE_NOT_FOUND for services/api/src/governance/escalation/contracts/escalationGovernanceContract.js

TDD GREEN:
- Command: node --test services/api/test/phase5EscalationGovernanceFoundation.test.js
- Result: PASS
- Evidence: 4 tests passed, 0 failed

Final validation:
- Command: npm run framework:doctor
- Result: PASS
- Evidence: framework doctor JSON reported status PASS and gh authenticated.

- Command: node --test services/api/test/phase5EscalationGovernanceFoundation.test.js
- Result: PASS
- Evidence: 4 tests passed, 0 failed

- Command: npm test
- Result: PASS
- Evidence: root suite 182 tests passed, 0 failed

- Command: npm test
- Working directory: services/api
- Result: PASS
- Evidence: service API suite 161 tests passed, 0 failed

- Command: git diff --check
- Result: PASS
- Evidence: exit code 0; emitted line-ending warnings only for existing local working copy normalization

- Command: python -m json.tool docs/HANDOVER_2026-08-01_ISSUE_11_PHASE5_ESCALATION_GOVERNANCE_FOUNDATION.json
- Result: PASS
- Evidence: handover JSON parsed successfully
