Issue #12 Phase 5.7 Authorization Decision Layer terminal evidence
Started: 2026-08-01T17:25:49.7156093+02:00
Repository: C:\temp\EverythingAI
Starting SHA: 4a21b995e6e9bea82f026f8ac1750ba6bd1c4b34

Context loaded:
- C:\temp\EverythingAI\.hermes\forge\context-12.json
- PROJECT_STATE.md via GitHub default branch and local repository context
- AI_BOOTSTRAP.md via GitHub default branch and local repository context
- GitHub issue #12 body and comments via gh issue view
- skills/hermes-pm-qa-first-pass/SKILL.md

Preserved unrelated working tree entries:
- LOGS/EAI-TASK-046-terminal.log
- apps/everything-ai-ui/src/planning.css
- docs/AUTONOMOUS_FORGE_PM_RETEST_2026-07-29.json

RED validation:
$ node --test services/api/test/phase5AuthorizationDecisionLayer.test.js
Result: FAIL as expected
Evidence: ERR_MODULE_NOT_FOUND for services/api/src/governance/authorization/contracts/authorizationGovernanceContract.js

GREEN validation:
$ node --test services/api/test/phase5AuthorizationDecisionLayer.test.js
Result: PASS
Count: 5/5

Final validation:
$ npm run framework:doctor
Result: PASS
Evidence: framework doctor returned status PASS and gh authenticated.

$ node --test tests/*.test.mjs
Result: PASS
Count: 182/182

$ npm test
Result: PASS
Count: 182/182

$ npm test
Working directory: C:\temp\EverythingAI\services\api
Result: PASS
Count: 166/166

$ git diff --check
Result: PASS
Evidence: exit 0 with line-ending warnings for local working copy files, including pre-existing LOGS/EAI-TASK-046-terminal.log.

$ python -m json.tool docs\HANDOVER_2026-08-01_ISSUE_12_PHASE5_AUTHORIZATION_DECISION_LAYER.json
$ python -m json.tool .hermes\state.json
$ python -m json.tool .hermes\forge\context-12.json
Result: PASS
