Issue #8 Phase 5.3 policy engine shadow governance validation log

Startup:
- Loaded .hermes/forge/context-8.json.
- Loaded PROJECT_STATE.md and AI_BOOTSTRAP.md from the working tree.
- Verified branch main at starting SHA 9648fa869960f6c90dbc931ef24d07697eb7140c.
- Verified live issue #8 open with forge:working label and Forge maintenance claim comment.
- Preserved unrelated local changes:
  - LOGS/EAI-TASK-046-terminal.log
  - apps/everything-ai-ui/src/planning.css
  - docs/AUTONOMOUS_FORGE_PM_RETEST_2026-07-29.json

TDD:
- RED command: node --test services/api/test/phase5PolicyEngineFoundation.test.js
- RED result: FAIL as expected with ERR_MODULE_NOT_FOUND for policyGovernanceContract.js.
- GREEN command: node --test services/api/test/phase5PolicyEngineFoundation.test.js
- GREEN result: PASS, 4/4 tests.

Final validation:
- node --test services/api/test/phase5PolicyEngineFoundation.test.js: PASS, 4/4.
- npm run framework:doctor: PASS.
- node --test tests/*.test.mjs: PASS, 182/182.
- npm test at repository root: PASS, 182/182 after serial rerun.
- npm test in services/api: PASS, 149/149.
- node --test tests/runtime-supervisor.test.mjs: PASS, 32/32 during investigation of the transient root npm failure.
- git diff --check: PASS with line-ending warnings for local working copy files.
- python -m json.tool docs/HANDOVER_2026-08-01_ISSUE_8_PHASE5_POLICY_ENGINE_SHADOW_GOVERNANCE.json: PASS.

Transient validation note:
- An earlier root npm test invocation failed while another root node test invocation was still running in parallel.
- Failure evidence was Windows EPERM on .hermes/runtime heartbeat rename and temporary supervisor-lock conflicts.
- Follow-up isolated runtime-supervisor test and final serial root npm test both passed.
