2026-08-01T15:44:10Z Forge issue #3 context loaded from .hermes/forge/context-3.json.
2026-08-01T15:45:00Z Live issue #3 read through gh issue view; issue open with forge:working.
2026-08-01T15:45:00Z Initial git status showed unrelated preserved files:
  M LOGS/EAI-TASK-046-terminal.log
  ?? apps/everything-ai-ui/src/planning.css
  ?? docs/AUTONOMOUS_FORGE_PM_RETEST_2026-07-29.json
2026-08-01T15:46:00Z Targeted RED command:
  cd C:\temp\EverythingAI\services\api
  npm test -- test/embeddingProviderInterface.test.js
  Result: FAIL as expected; missing export generateEmbeddingsAsync.
2026-08-01T15:47:00Z Targeted GREEN command:
  cd C:\temp\EverythingAI\services\api
  npm test -- test/embeddingProviderInterface.test.js
  Result: PASS, 2/2 tests.
2026-08-01T15:48:00Z Required validation:
  cd C:\temp\EverythingAI\services\api
  npm test
  Result: PASS, 173/173 tests.
2026-08-01T15:48:00Z Repository validation:
  cd C:\temp\EverythingAI
  npm test
  Result: PASS, 182/182 tests.
