Issue #9 Phase 5.4 risk classification terminal evidence

Context:
- Repository: moh0709/everythingAI
- Branch: main
- Starting SHA: 0e81abf3d93c9c977cfeae610ac040a5f3ed52ee
- Existing unrelated local changes preserved and not staged:
  - LOGS/EAI-TASK-046-terminal.log
  - apps/everything-ai-ui/src/planning.css
  - docs/AUTONOMOUS_FORGE_PM_RETEST_2026-07-29.json

TDD RED:
- Command: node --test services/api/test/phase5RiskClassificationFoundation.test.js
- Result: FAIL
- Expected failure: ERR_MODULE_NOT_FOUND for services/api/src/governance/risk/contracts/riskGovernanceContract.js

TDD GREEN:
- Command: node --test services/api/test/phase5RiskClassificationFoundation.test.js
- Result: PASS
- Tests: 4 pass, 0 fail

Final validation:
- Command: npm run framework:doctor
- Result: PASS
- Evidence: status PASS, gh authenticated, .hermes/state.json valid JSON

- Command: node --test tests/*.test.mjs
- Result: PASS
- Tests: 182 pass, 0 fail

- Command: npm test
- Result: PASS
- Tests: 182 pass, 0 fail

- Command: npm test
- Working directory: services/api
- Result: PASS
- Tests: 153 pass, 0 fail

- Command: git diff --check
- Result: PASS
- Note: line-ending warnings only for local working copy files

- Command: python -m json.tool docs/HANDOVER_2026-08-01_ISSUE_9_PHASE5_RISK_CLASSIFICATION_FOUNDATION.json
- Result: PASS
