Issue #2 local MVP stabilization maintenance validation
Date: 2026-08-01
Repository: C:\temp\EverythingAI
Starting SHA: 030c2c2762ebe40663513e4781c142f756915868

Pre-existing unrelated local changes preserved:
- LOGS/EAI-TASK-046-terminal.log
- apps/everything-ai-ui/src/planning.css
- docs/AUTONOMOUS_FORGE_PM_RETEST_2026-07-29.json

Live issue inspection:
- Issue #2 was open with labels: stabilization, mvp, must-have, forge:working
- PM comment dated 2026-05-21 reported the local MVP stabilization scope complete

Validation commands:

1. npm test
   Working directory: C:\temp\EverythingAI
   Result: PASS
   Summary: 182 tests, 182 pass, 0 fail

2. npm test
   Working directory: C:\temp\EverythingAI\services\api
   Result: PASS
   Summary: 172 tests, 172 pass, 0 fail

Scope inspection:
- services/api/src/server.js delegates API behavior to route modules.
- Required route modules and middleware exist under services/api/src/routes and services/api/src/middleware.
- No /api/files/ingest route remains in services/api/src/server.js or services/api/src/routes.
- Nested undo regression exists and passed.
- Local MVP vs central platform documentation exists.
- Windows local smoke test guide exists.

Secrets:
- No secrets were read or recorded.
