2026-08-01T14:40:12Z Forge issue #7 context loaded from .hermes/forge/context-7.json.
startingSha=182f274c73ea03caf04924c1920ba0aec74e4ae4
liveIssue=https://github.com/moh0709/everythingAI/issues/7
initialLiveLabels=forge:working

TDD RED:
command=node --test services/api/test/phase5PermissionFoundation.test.js
result=FAIL expected
evidence=ERR_MODULE_NOT_FOUND for services/api/src/governance/permissions/contracts/permissionGovernanceContract.js

TDD GREEN:
command=node --test services/api/test/phase5PermissionFoundation.test.js
result=PASS
tests=4/4

VALIDATION:
command=npm run framework:doctor
result=PASS

command=node --test tests/*.test.mjs
result=PASS
tests=182/182

command=npm test
result=PASS
tests=182/182

command=npm test
workdir=services/api
result=PASS
tests=145/145

command=git diff --check
result=PASS
note=line-ending warning observed for unrelated pre-existing LOGS/EAI-TASK-046-terminal.log

SECURITY:
secretsRecorded=false
runtimeBlockingActivated=false
enforcementActivated=false
