EverythingAI local MVP RC validation
Date: 2026-08-20
Candidate: 24998f04424b78ba531780523ef373c4c9981994

LOCAL ROOT
- node scripts/framework-doctor.mjs: exit 0, WARN only for unavailable local gh auth
- node --test tests/*.test.mjs: 190 passed, 0 failed, 0 skipped
- git diff --check: pass before evidence edits

GITHUB ACTIONS RUN 32306414605
- backend-tests: success
  tests 173; pass 172; fail 0; skipped 1
- frontend-build: success
  TypeScript typecheck passed
  Vite production build passed in 1.81s
- playwright-smoke: success
  5 passed, 0 failed

ISSUE RECONCILIATION
- #6-#13: independently PM-accepted and closed completed
- #5: accepted and closed completed
- #4 and #19: closed not planned/superseded
- #105: remains truthfully closed not planned
- #69: unchanged

FINAL DECISION
RC_PARTIAL

BLOCKERS
1. Required disposable-folder product run not executed.
2. Audit event contract lacks explicit persisted actor identity.
